W rknn-toolkit-lite2 version: 2.3.2
W Query dynamic range failed. Ret code: RKNN_ERR_MODEL_INVALID. (If it is a static shape RKNN model, please ignore the above warning message.)
Camera /dev/video0: 640x480@120.101, fourcc=MJPG
Camera controls: {'exposure_absolute': 60, 'gain': 64}
{
  "processed_frames": 2919,
  "last_camera_frame_id": 2918,
  "last_processed_frame_id": 2918,
  "duration_seconds": 60.150252454999645,
  "fusion_fps_median": 49.789157856597754,
  "latency_ms_p95": 1.8817557002876122,
  "rss_max_mb": 146.359375,
  "rss_growth_mb": 61.89453125
}
Trajectory CSV: /home/orangepi/orangepi5b_vision_only/runs/manual_v4/20260802T093304Z_normal/trajectory.csv
I RKNN: [17:33:05.127] RKNN Runtime Information, librknnrt version: 1.6.0 (9a7b5d24c@2023-12-13T17:31:11)
I RKNN: [17:33:05.127] RKNN Driver Information, version: 0.9.6
I RKNN: [17:33:05.127] RKNN Model Information, version: 6, toolkit version: 2.3.2(compiler version: 2.3.2 (@2025-04-03T08:26:16)), target: RKNPU v2, target platform: rk3588, framework name: ONNX, framework layout: NCHW, model inference type: static_shape
W RKNN: [17:33:05.127] RKNN Model version: 2.3.2 not match with rknn runtime version: 1.6.0
W RKNN: [17:33:05.144] query RKNN_QUERY_INPUT_DYNAMIC_RANGE error, rknn model is static shape type, please export rknn with dynamic_shapes
